---
source: tui/src/chatwidget/network_monitor_tests.rs
assertion_line: 41
expression: terminal.backend()
---
"网络 · WebSocket · 接收响应 · 阶段8秒 / 请求12秒 · HTTP 101 · 复用 WebSocket                        " Hidden by multi-width symbols: [(1, " "), (3, " "), (20, " "), (22, " "), (24, " "), (26, " "), (31, " "), (33, " "), (36, " "), (41, " "), (43, " "), (47, " "), (63, " "), (65, " ")]
"  ↑1024 B（本地已发送） ↓2048 B / 12块 · 2秒无新数据 · 推理片段距今3秒                              " Hidden by multi-width symbols: [(10, " "), (12, " "), (14, " "), (16, " "), (18, " "), (20, " "), (22, " "), (37, " "), (43, " "), (45, " "), (47, " "), (49, " "), (51, " "), (56, " "), (58, " "), (60, " "), (62, " "), (64, " "), (66, " "), (69, " ")]
"  DNS：已解析 2 个地址 · TLS：TLSv1_3 · TCP：127.0.0.1:443 · wss://chatgpt.com                      " Hidden by multi-width symbols: [(6, " "), (8, " "), (10, " "), (12, " "), (17, " "), (19, " "), (21, " "), (29, " "), (44, " ")]
